{
	"array": [
		{
			"name": "tkn"
		},
		{
			"name": "qwerty",
			"a": 1
		}
	]
}
