{
	"myArray2": [
		{
			"a": 1
		},
		{
			"a": 2
		},
		{
			"a": 3
		},
		{
			"a": 4
		}
	],
	"myObject2": {
		"a": 1,
		"a2": 2,
		"a3": 3,
		"a4": 4
	},
	"myArray": [
		{
			"a": 1
		},
		{
			"a": 2
		}
	],
	"myObject": {
		"prop1": 1,
		"prop2": {
			"a": 2
		},
		"prop3": {
			"a": 3
		}
	}
}
