{
	"sequence": [
		"fieldA",
		"insertedField",
		"fieldB",
		"fieldC"
	]
}
