{
	"sequence": [
		"a",
		"insertedAt1",
		"b",
		"d",
		"e"
	]
}
