{
	"a": {
		"b": {
			"c": {
				"d": 2
			}
		}
	},
	"_": 1
}
